Flutter crash report.
Please report a bug at https://github.com/flutter/flutter/issues.

## command

flutter run -d 308DFDCA-44C1-4878-8B82-50A5A54CC260 --debug --dart-define=MAKUTANO_API_URL=http://localhost:5188

## exception

RPCError: _deleteDevFS: (1002) File system does not exist
_deleteDevFS: file system 'makutano-connect-mobile' does not exist

```
#0      new _OutstandingRequest (package:vm_service/src/vm_service.dart:268:34)
#1      VmService._call.<anonymous closure> (package:vm_service/src/vm_service.dart:1950:25)
#2      VmService._call (package:vm_service/src/vm_service.dart:1962:8)
#3      VmService.callServiceExtension (package:vm_service/src/vm_service.dart:1901:14)
#4      FlutterVmService._checkedCallServiceExtension (package:flutter_tools/src/vmservice.dart:771:28)
#5      FlutterVmService.deleteDevFS (package:flutter_tools/src/vmservice.dart:938:11)
#6      DevFS.destroy (package:flutter_tools/src/devfs.dart:545:22)
#7      DevFS.create (package:flutter_tools/src/devfs.dart:535:13)
<asynchronous suspension>
#8      HotRunner._initDevFS (package:flutter_tools/src/run_hot.dart:482:9)
<asynchronous suspension>
#9      HotRunner._attach (package:flutter_tools/src/run_hot.dart:280:35)
<asynchronous suspension>
#10     RunCommand.runCommand (package:flutter_tools/src/commands/run.dart:891:26)
<asynchronous suspension>
#11     FlutterCommand.run.<anonymous closure> (package:flutter_tools/src/runner/flutter_command.dart:1559:27)
<asynchronous suspension>
#12     AppContext.run.<anonymous closure> (package:flutter_tools/src/base/context.dart:154:19)
<asynchronous suspension>
#13     CommandRunner.runCommand (package:args/command_runner.dart:212:13)
<asynchronous suspension>
#14     FlutterCommandRunner.runCommand.<anonymous closure> (package:flutter_tools/src/runner/flutter_command_runner.dart:487:9)
<asynchronous suspension>
#15     AppContext.run.<anonymous closure> (package:flutter_tools/src/base/context.dart:154:19)
<asynchronous suspension>
#16     FlutterCommandRunner.runCommand (package:flutter_tools/src/runner/flutter_command_runner.dart:422:5)
<asynchronous suspension>
#17     run.<anonymous closure>.<anonymous closure> (package:flutter_tools/runner.dart:104:11)
<asynchronous suspension>
#18     AppContext.run.<anonymous closure> (package:flutter_tools/src/base/context.dart:154:19)
<asynchronous suspension>
#19     main (package:flutter_tools/executable.dart:103:3)
<asynchronous suspension>
```

## flutter doctor

```
[✓] Flutter (Channel stable, 3.38.5, on macOS 26.5.2 25F84 darwin-arm64, locale en-US) [1,489ms]
    • Flutter version 3.38.5 on channel stable at /Users/pastoryjoseph/develop/flutter
    • Upstream repository https://github.com/flutter/flutter.git
    • Framework revision f6ff1529fd (9 months ago), 2025-12-11 11:50:07 -0500
    • Engine revision 1527ae0ec5
    • Dart version 3.10.4
    • DevTools version 2.51.1
    • Feature flags: enable-web, enable-linux-desktop, enable-macos-desktop, enable-windows-desktop, enable-android, enable-ios, cli-animations, enable-native-assets, omit-legacy-version-file, enable-lldb-debugging

[!] Android toolchain - develop for Android devices (Android SDK version 36.1.0) [3.6s]
    • Android SDK at /Users/pastoryjoseph/Library/Android/sdk
    • Emulator version 35.4.9.0 (build_id 13025442) (CL:N/A)
    • Platform android-36-ext18, build-tools 36.1.0
    • Java binary at: /Applications/Android Studio.app/Contents/jbr/Contents/Home/bin/java
      This is the JDK bundled with the latest Android Studio installation on this machine.
      To manually set the JDK path, use: `flutter config --jdk-dir="path/to/jdk"`.
    • Java version OpenJDK Runtime Environment (build 21.0.5+-12932927-b750.29)
    ! Some Android licenses not accepted. To resolve this, run: flutter doctor --android-licenses

[✓] Xcode - develop for iOS and macOS (Xcode 26.2) [1,063ms]
    • Xcode at /Applications/Xcode.app/Contents/Developer
    • Build 17C52
    • CocoaPods version 1.16.2

[✓] Chrome - develop for the web [2ms]
    • Chrome at /Applications/Google Chrome.app/Contents/MacOS/Google Chrome

[✓] Connected device (4 available) [6.1s]
    • iPad Pro 13-inch (M4) (mobile) • 2237C898-0D06-4678-B6A4-B428B0747788 • ios            • com.apple.CoreSimulator.SimRuntime.iOS-17-5 (simulator)
    • iPhone 16 Pro (mobile)         • 308DFDCA-44C1-4878-8B82-50A5A54CC260 • ios            • com.apple.CoreSimulator.SimRuntime.iOS-18-0 (simulator)
    • macOS (desktop)                • macos                                • darwin-arm64   • macOS 26.5.2 25F84 darwin-arm64
    • Chrome (web)                   • chrome                               • web-javascript • Google Chrome 151.0.7922.174
    ! Error: Browsing on the local area network for iPhone. Ensure the device is unlocked and attached with a cable or associated with the same local area network as this Mac.
      The device must be opted into Developer Mode to connect wirelessly. (code -27)
    ! Error: Browsing on the local area network for Pastory Joseph’s iPhone. Ensure the device is unlocked and attached with a cable or associated with the same local area network as this Mac.
      The device must be opted into Developer Mode to connect wirelessly. (code -27)
    ! Error: Browsing on the local area network for Jozey. Ensure the device is unlocked and attached with a cable or associated with the same local area network as this Mac.
      The device must be opted into Developer Mode to connect wirelessly. (code -27)

[✓] Network resources [1,547ms]
    • All expected network resources are available.

! Doctor found issues in 1 category.
```
